<html>
<body>
<pre>
<h1>礦ision Build Log</h1>
<h2>Tool Versions:</h2>
IDE-Version: μVision V5.24.2.0
Copyright (C) 2017 ARM Ltd and ARM Germany GmbH. All rights reserved.
License Information: 1 陶鑫旺, 2, LIC=KRMW3-A4546-TGW7T-RCVET-QP61F-CNZIX
 
Tool Versions:
Toolchain:       MDK-ARM Plus  Version: 5.24.1
Toolchain Path:  E:\stm32.data\ARM\ARMCC\Bin
C Compiler:      Armcc.exe V5.06 update 5 (build 528)
Assembler:       Armasm.exe V5.06 update 5 (build 528)
Linker/Locator:  ArmLink.exe V5.06 update 5 (build 528)
Library Manager: ArmAr.exe V5.06 update 5 (build 528)
Hex Converter:   FromElf.exe V5.06 update 5 (build 528)
CPU DLL:         SARMCM3.DLL V5.24.1
Dialog DLL:      DCM.DLL V1.16.0.0
Target DLL:      STLink\ST-LINKIII-KEIL_SWO.dll V3.0.1.0
Dialog DLL:      TCM.DLL V1.32.0.0
 
<h2>Project:</h2>
C:\Users\陶鑫旺\Desktop\六轴机械臂\机械臂开源文件\机械臂开源文件\机械臂\robotic_arm_demo\robotic_arm_demo\MDK-ARM\robotic_arm_demo.uvprojx
Project File Date:  03/20/2024

<h2>Output:</h2>
*** Using Compiler 'V5.06 update 5 (build 528)', folder: 'E:\stm32.data\ARM\ARMCC\Bin'
Build target 'robotic_arm_demo'
assembling startup_stm32f103xb.s...
compiling gpio.c...
compiling usart.c...
../Core/Inc/usart.h(54): warning:  #1-D: last line of file ends without a newline
  /************************ (C) COPYRIGHT STMicroelectronics *****END OF FILE****/
../Core/Inc/stdio.h(20): warning:  #47-D: incompatible redefinition of macro "__ARMCLIB_VERSION"  (declared at line 22 of "E:\stm32.data\ARM\ARMCC\Bin\..\include\stddef.h")
  #define __ARMCLIB_VERSION 5060044
../Core/Src/usart.c(195): warning:  #1-D: last line of file ends without a newline
  /************************ (C) COPYRIGHT STMicroelectronics *****END OF FILE****/
../Core/Src/usart.c: 3 warnings, 0 errors
compiling main.c...
../Core/Inc/usart.h(54): warning:  #1-D: last line of file ends without a newline
  /************************ (C) COPYRIGHT STMicroelectronics *****END OF FILE****/
../Core/Inc/stdio.h(20): warning:  #47-D: incompatible redefinition of macro "__ARMCLIB_VERSION"  (declared at line 22 of "E:\stm32.data\ARM\ARMCC\Bin\..\include\stddef.h")
  #define __ARMCLIB_VERSION 5060044
../Core/Src/main.c: 2 warnings, 0 errors
compiling stm32f1xx_it.c...
compiling stm32f1xx_hal_gpio_ex.c...
compiling stm32f1xx_hal_msp.c...
compiling tim.c...
compiling openmv.c...
../Core/Inc/stdio.h(20): warning:  #47-D: incompatible redefinition of macro "__ARMCLIB_VERSION"  (declared at line 22 of "E:\stm32.data\ARM\ARMCC\Bin\..\include\stddef.h")
  #define __ARMCLIB_VERSION 5060044
../Core/Inc/usart.h(54): warning:  #1-D: last line of file ends without a newline
  /************************ (C) COPYRIGHT STMicroelectronics *****END OF FILE****/
..\Core\Src\openmv.c: 2 warnings, 0 errors
compiling servo.c...
../Core/Inc/math.h(28): warning:  #47-D: incompatible redefinition of macro "__ARMCLIB_VERSION"  (declared at line 22 of "E:\stm32.data\ARM\ARMCC\Bin\..\include\stddef.h")
  #define __ARMCLIB_VERSION 6150002
../Core/Inc/stdio.h(20): warning:  #47-D: incompatible redefinition of macro "__ARMCLIB_VERSION"  (declared at line 28 of "../Core/Inc/math.h")
  #define __ARMCLIB_VERSION 5060044
../Core/Inc/stdio.h(34): warning:  #47-D: incompatible redefinition of macro "_ARMABI"  (declared at line 69 of "../Core/Inc/math.h")
  #define _ARMABI __declspec(__nothrow)
..\Core\Src\servo.c: 3 warnings, 0 errors
compiling stm32f1xx_hal_tim_ex.c...
compiling stm32f1xx_hal_tim.c...
compiling stm32f1xx_hal.c...
compiling stm32f1xx_hal_rcc_ex.c...
compiling stm32f1xx_hal_gpio.c...
compiling stm32f1xx_hal_cortex.c...
compiling stm32f1xx_hal_pwr.c...
compiling stm32f1xx_hal_flash.c...
compiling stm32f1xx_hal_flash_ex.c...
compiling stm32f1xx_hal_dma.c...
compiling stm32f1xx_hal_rcc.c...
compiling stm32f1xx_hal_exti.c...
compiling stm32f1xx_hal_uart.c...
compiling system_stm32f1xx.c...
linking...
Program Size: Code=22948 RO-data=844 RW-data=388 ZI-data=1324  
FromELF: creating hex file...
"robotic_arm_demo\robotic_arm_demo.axf" - 0 Error(s), 10 Warning(s).

<h2>Software Packages used:</h2>

Package Vendor: ARM
                http://www.keil.com/pack/ARM.CMSIS.5.0.1.pack
                ARM.CMSIS.5.0.1
                CMSIS (Cortex Microcontroller Software Interface Standard)
   * Component: CORE Version: 5.0.1

Package Vendor: Keil
                http://www.keil.com/pack/Keil.STM32F1xx_DFP.2.2.0.pack
                Keil.STM32F1xx_DFP.2.2.0
                STMicroelectronics STM32F1 Series Device Support, Drivers and Examples

<h2>Collection of Component include folders:</h2>
  .\RTE\_robotic_arm_demo
  E:\stm32.data\ARM\CMSIS\5.0.1\CMSIS\Include
  E:\stm32.data\Keil\STM32F1xx_DFP\2.2.0\Device\Include

<h2>Collection of Component Files used:</h2>

   * Component: ARM::CMSIS:CORE:5.0.1
Build Time Elapsed:  00:00:04
</pre>
</body>
</html>
